CREATE EXTENSION asan_check;
SELECT asan_check();
 asan_check 
------------
          0
(1 row)

