CREATE EXTENSION asan_check;
ERROR:  extension "asan_check" already exists
SELECT buffer_overflow();
server closed the connection unexpectedly
	This probably means the server terminated abnormally
	before or while processing the request.
connection to server was lost
